2026-06-11 16:51:37,140 | INFO     | ============================================================
2026-06-11 16:51:37,141 | INFO     | CSCN8020 Assignment 1 — Execution started
2026-06-11 16:51:37,142 | INFO     | Log file: logs/execution_20260611_165137.log
2026-06-11 16:51:37,144 | INFO     | ============================================================
2026-06-11 16:51:37,159 | INFO     | ------------------------------------------------------------
2026-06-11 16:51:37,169 | INFO     | [P1] PickAndPlaceMDP initialised
2026-06-11 16:51:37,170 | INFO     |      |S|=450  |A|=18  gamma=0.99
2026-06-11 16:51:37,173 | INFO     | [P1] Sample reward: -2.0
2026-06-11 16:51:37,175 | INFO     | [P1] Problem 1 complete — MDP defined: |S|=450  |A|=18
2026-06-11 16:51:37,213 | INFO     | ------------------------------------------------------------
2026-06-11 16:51:37,217 | INFO     | [P2] GridWorld2x2 initialised  gamma=0.90
2026-06-11 16:51:37,219 | INFO     | [P2] ValueIterationAgent2x2 — starting 2 iterations
2026-06-11 16:51:37,221 | INFO     |   Iteration 1 | delta=10.0000 | V=[ 5. 10.  1.  2.]
2026-06-11 16:51:37,223 | INFO     |   Iteration 2 | delta=9.0000 | V=[14.  19.   5.5 11. ]
2026-06-11 16:51:37,225 | INFO     | [P2] Verification passed — code matches manual values.
2026-06-11 16:51:37,235 | INFO     | ------------------------------------------------------------
2026-06-11 16:51:37,237 | INFO     | [P3] GridWorld5x5 created: 25 states, 4 actions, gamma=0.9
2026-06-11 16:51:37,248 | INFO     | [P3] ===== Standard Value Iteration =====
2026-06-11 16:51:37,249 | INFO     | [VI]    Params | gamma=0.900  theta=1.00e-06  n_states=25
2026-06-11 16:51:37,250 | INFO     | [VI]    iter=   1  delta=10.00000000
2026-06-11 16:51:37,252 | INFO     | [VI]    iter=   2  delta=9.00000000
2026-06-11 16:51:37,254 | INFO     | [VI]    iter=   3  delta=8.10000000
2026-06-11 16:51:37,255 | INFO     | [VI]    iter=   4  delta=7.29000000
2026-06-11 16:51:37,257 | INFO     | [VI]    iter=   5  delta=6.56100000
2026-06-11 16:51:37,257 | INFO     | [VI]    iter=   6  delta=5.90490000
2026-06-11 16:51:37,258 | INFO     | [VI]    iter=   7  delta=5.31441000
2026-06-11 16:51:37,259 | INFO     | [VI]    iter=   8  delta=4.78296900
2026-06-11 16:51:37,260 | INFO     | [VI]    iter=   9  delta=0.00000000
2026-06-11 16:51:37,262 | INFO     | [VI]    Converged: iter=9  time=0.0109s  delta=0.00e+00
2026-06-11 16:51:37,263 | INFO     | [VI]    V*     | min=-0.4341  max=10.0000  mean=4.4176
2026-06-11 16:51:37,264 | INFO     | [VI]    pi*    | [1, 1, 1, 1, 1, 1, 1, 3, 1, 1, 3, 1, 1, 1, 1, 1, 1, 1, 1, 1, 3, 3, 3, 3, 0]
2026-06-11 16:51:37,853 | INFO     | [P3] ===== In-Place Value Iteration =====
2026-06-11 16:51:37,854 | INFO     | [IP-VI] Params | gamma=0.900  theta=1.00e-06  n_states=25
2026-06-11 16:51:37,855 | INFO     | [IP-VI] iter=   1  delta=10.00000000
2026-06-11 16:51:37,857 | INFO     | [IP-VI] iter=   2  delta=9.00000000
2026-06-11 16:51:37,858 | INFO     | [IP-VI] iter=   3  delta=8.10000000
2026-06-11 16:51:37,860 | INFO     | [IP-VI] iter=   4  delta=7.29000000
2026-06-11 16:51:37,861 | INFO     | [IP-VI] iter=   5  delta=6.56100000
2026-06-11 16:51:37,862 | INFO     | [IP-VI] iter=   6  delta=5.90490000
2026-06-11 16:51:37,863 | INFO     | [IP-VI] iter=   7  delta=5.31441000
2026-06-11 16:51:37,864 | INFO     | [IP-VI] iter=   8  delta=4.78296900
2026-06-11 16:51:37,865 | INFO     | [IP-VI] iter=   9  delta=0.00000000
2026-06-11 16:51:37,867 | INFO     | [IP-VI] Converged: iter=9  time=0.0109s  delta=0.00e+00
2026-06-11 16:51:37,868 | INFO     | [IP-VI] V*     | min=-0.4341  max=10.0000  mean=4.4176
2026-06-11 16:51:37,869 | INFO     | [IP-VI] pi*    | [1, 1, 1, 1, 1, 1, 1, 3, 1, 1, 3, 1, 1, 1, 1, 1, 1, 1, 1, 1, 3, 3, 3, 3, 0]
2026-06-11 16:51:38,395 | INFO     | [P3] Verification passed — VI and IP-VI match.
2026-06-11 16:51:38,396 | INFO     | [P3] Standard VI: 9 iter  In-Place VI: 9 iter  ratio=1.00
2026-06-11 16:51:38,405 | INFO     | ------------------------------------------------------------
2026-06-11 16:51:38,406 | INFO     | [P4] ===== Off-Policy Monte Carlo with IS =====
2026-06-11 16:51:38,418 | INFO     | [P4-MC] Params | gamma=0.900  n_episodes=50000  max_steps=500  seed=42
2026-06-11 16:51:41,189 | INFO     | [P4-MC] episode  10000/50000
2026-06-11 16:51:43,939 | INFO     | [P4-MC] episode  20000/50000
2026-06-11 16:51:46,691 | INFO     | [P4-MC] episode  30000/50000
2026-06-11 16:51:49,453 | INFO     | [P4-MC] episode  40000/50000
2026-06-11 16:51:52,109 | INFO     | [P4-MC] Done: 50000 episodes  13.690s
2026-06-11 16:51:52,110 | INFO     | [P4-MC] V*     | min=-0.4341  max=10.0000  mean=4.4174
2026-06-11 16:51:52,111 | INFO     | [P4-MC] pi*    | [3, 3, 1, 1, 1, 3, 3, 3, 1, 1, 3, 1, 1, 3, 1, 3, 3, 1, 1, 1, 3, 3, 3, 3, 0]
2026-06-11 16:51:52,970 | INFO     | [P4] Comparison: MAE=0.0003  max_err=0.0008  policy_agree=70.8%
2026-06-11 16:51:52,971 | INFO     | ============================================================
2026-06-11 16:51:52,972 | INFO     | CSCN8020 Assignment 1 — Execution complete  |  2026-06-11 16:51:52
2026-06-11 16:51:52,973 | INFO     | ============================================================
